// Jest Snapshot v1, https://goo.gl/fbAQLP

exports[`Header renders correctly 1`] = `
<header
  style={
    Object {
      "background": "rebeccapurple",
      "marginBottom": "1.45rem",
    }
  }
>
  <div
    style={
      Object {
        "margin": "0 auto",
        "maxWidth": 960,
        "padding": "0 1.0875rem",
      }
    }
  >
    <h1
      style={
        Object {
          "margin": 0,
          "position": "relative",
        }
      }
    >
      <a
        href="/"
        style={
          Object {
            "color": "white",
            "textDecoration": "none",
          }
        }
      >
        Default Starter
      </a>
      <a
        href="/cart"
        style={
          Object {
            "color": "white",
            "float": "right",
            "fontSize": "1rem",
            "fontWeight": "700",
            "position": "absolute",
            "right": "1.0875rem",
            "textDecoration": "none",
            "top": "1.5rem",
          }
        }
      >
        CART
      </a>
    </h1>
  </div>
</header>
`;
